******************************************************************************
                  TI ARM Linker PC v16.9.6                     
******************************************************************************
>> Linked Fri Apr 27 14:53:31 2018

OUTPUT FILE NAME:   <msp432_spi_11.out>
ENTRY POINT SYMBOL: "_c_int00"  address: 0000044d


MEMORY CONFIGURATION

         name            origin    length      used     unused   attr    fill
----------------------  --------  ---------  --------  --------  ----  --------
  MAIN                  00000000   00040000  00000622  0003f9de  R  X
  INFO                  00200000   00004000  00000000  00004000  R  X
  SRAM_CODE             01000000   00010000  0000021a  0000fde6  RW X
  SRAM_DATA             20000000   00010000  0000021a  0000fde6  RW  


SEGMENT ALLOCATION MAP

run origin  load origin   length   init length attrs members
----------  ----------- ---------- ----------- ----- -------
00000000    00000000    00000628   00000628    r-x
  00000000    00000000    000000e4   000000e4    r-- .intvecs
  000000e4    000000e4    00000506   00000506    r-x .text
  000005f0    000005f0    00000038   00000038    r-- .cinit
20000000    20000000    0000001a   00000000    rw-
  20000000    20000000    00000019   00000000    rw- .data
  20000019    20000019    00000001   00000000    rw- .bss
2000fe00    2000fe00    00000200   00000000    rw-
  2000fe00    2000fe00    00000200   00000000    rw- .stack


SECTION ALLOCATION MAP

 output                                  attributes/
section   page    origin      length       input sections
--------  ----  ----------  ----------   ----------------
.intvecs   0    00000000    000000e4     
                  00000000    000000e4     startup_msp432p401r_ccs.obj (.intvecs:retain)

.binit     0    00000000    00000000     

.text      0    000000e4    00000506     
                  000000e4    00000100     msp432p401x_euscib0_spi_11.obj (.text:main)
                  000001e4    0000009c     rtsv7M4_T_le_v4SPD16_eabi.lib : memcpy_t2.obj (.text)
                  00000280    0000007a                                   : memset_t2.obj (.text)
                  000002fa    00000002     startup_msp432p401r_ccs.obj (.text:Default_Handler)
                  000002fc    00000078     system_msp432p401r.obj (.text:SystemInit)
                  00000374    00000070     rtsv7M4_T_le_v4SPD16_eabi.lib : autoinit.obj (.text)
                  000003e4    00000068                                   : copy_decompress_lzss.obj (.text:decompress:lzss)
                  0000044c    00000054                                   : boot.obj (.text)
                  000004a0    00000054                                   : exit.obj (.text)
                  000004f4    00000050     msp432p401x_euscib0_spi_11.obj (.text:EUSCIB0_IRQHandler)
                  00000544    0000004c     rtsv7M4_T_le_v4SPD16_eabi.lib : cpy_tbl.obj (.text)
                  00000590    00000018                                   : args_main.obj (.text)
                  000005a8    00000014                                   : _lock.obj (.text)
                  000005bc    0000000e                                   : copy_decompress_none.obj (.text:decompress:none)
                  000005ca    0000000c     startup_msp432p401r_ccs.obj (.text:Reset_Handler)
                  000005d6    0000000c     rtsv7M4_T_le_v4SPD16_eabi.lib : copy_zero_init.obj (.text:decompress:ZI)
                  000005e2    00000004                                   : pre_init.obj (.text)
                  000005e6    00000002                                   : mpu_init.obj (.text)
                  000005e8    00000002                                   : startup.obj (.text)

.cinit     0    000005f0    00000038     
                  000005f0    00000011     (.cinit..data.load) [load image, compression = lzss]
                  00000601    00000003     --HOLE-- [fill = 0]
                  00000604    0000000c     (__TI_handler_table)
                  00000610    00000008     (.cinit..bss.load) [load image, compression = zero_init]
                  00000618    00000010     (__TI_cinit_table)

.init_array 
*          0    00000000    00000000     UNINITIALIZED

.data      0    20000000    00000019     UNINITIALIZED
                  20000000    0000000c     rtsv7M4_T_le_v4SPD16_eabi.lib : exit.obj (.data:$O1$$)
                  2000000c    00000008                                   : _lock.obj (.data:$O1$$)
                  20000014    00000004                                   : stkdepth_vars.obj (.data)
                  20000018    00000001     msp432p401x_euscib0_spi_11.obj (.data)

.bss       0    20000019    00000001     UNINITIALIZED
                  20000019    00000001     (.common:TXData)

.stack     0    2000fe00    00000200     UNINITIALIZED
                  2000fe00    00000200     --HOLE--

MODULE SUMMARY

       Module                           code   ro data   rw data
       ------                           ----   -------   -------
    .\
       msp432p401x_euscib0_spi_11.obj   336    0         4      
       system_msp432p401r.obj           120    0         0      
    +--+--------------------------------+------+---------+---------+
       Total:                           456    0         4      
                                                                
    .\ccs\
       startup_msp432p401r_ccs.obj      14     228       0      
    +--+--------------------------------+------+---------+---------+
       Total:                           14     228       0      
                                                                
    C:\ti\ccsv7\tools\compiler\ti-cgt-arm_16.9.6.LTS\lib\rtsv7M4_T_le_v4SPD16_eabi.lib
       memcpy_t2.obj                    156    0         0      
       memset_t2.obj                    122    0         0      
       autoinit.obj                     112    0         0      
       exit.obj                         84     0         24     
       copy_decompress_lzss.obj         104    0         0      
       boot.obj                         84     0         0      
       cpy_tbl.obj                      76     0         0      
       _lock.obj                        20     0         16     
       args_main.obj                    24     0         0      
       copy_decompress_none.obj         14     0         0      
       copy_zero_init.obj               12     0         0      
       stkdepth_vars.obj                0      0         8      
       pre_init.obj                     4      0         0      
       mpu_init.obj                     2      0         0      
       startup.obj                      2      0         0      
    +--+--------------------------------+------+---------+---------+
       Total:                           816    0         48     
                                                                
       Stack:                           0      0         1024   
       Linker Generated:                0      53        0      
    +--+--------------------------------+------+---------+---------+
       Grand Total:                     1286   281       1076   


LINKER GENERATED COPY TABLES

__TI_cinit_table @ 00000618 records: 2, size/record: 8, table size: 16
	.data: load addr=000005f0, load size=00000011 bytes, run addr=20000000, run size=00000019 bytes, compression=lzss
	.bss: load addr=00000610, load size=00000008 bytes, run addr=20000019, run size=00000001 bytes, compression=zero_init


LINKER GENERATED HANDLER TABLE

__TI_handler_table @ 00000604 records: 3, size/record: 4, table size: 12
	index: 0, handler: __TI_decompress_lzss
	index: 1, handler: __TI_decompress_none
	index: 2, handler: __TI_zero_init


GLOBAL SYMBOLS: SORTED ALPHABETICALLY BY Name 

address   name                           
-------   ----                           
000002fb  ADC14_IRQHandler               
000002fb  AES256_IRQHandler              
000002fb  BusFault_Handler               
000004a1  C$$EXIT                        
000002fb  COMP_E0_IRQHandler             
000002fb  COMP_E1_IRQHandler             
000002fb  CS_IRQHandler                  
000002fb  DMA_ERR_IRQHandler             
000002fb  DMA_INT0_IRQHandler            
000002fb  DMA_INT1_IRQHandler            
000002fb  DMA_INT2_IRQHandler            
000002fb  DMA_INT3_IRQHandler            
000002fb  DebugMon_Handler               
000002fb  Default_Handler                
000002fb  EUSCIA0_IRQHandler             
000002fb  EUSCIA1_IRQHandler             
000002fb  EUSCIA2_IRQHandler             
000002fb  EUSCIA3_IRQHandler             
000004f5  EUSCIB0_IRQHandler             
000004f5  EUSCIB0_IRQHandler             
000002fb  EUSCIB1_IRQHandler             
000002fb  EUSCIB2_IRQHandler             
000002fb  EUSCIB3_IRQHandler             
000002fb  FLCTL_IRQHandler               
000002fb  FPU_IRQHandler                 
000002fb  HardFault_Handler              
000002fb  MemManage_Handler              
000002fb  NMI_Handler                    
000002fb  PCM_IRQHandler                 
000002fb  PORT1_IRQHandler               
000002fb  PORT2_IRQHandler               
000002fb  PORT3_IRQHandler               
000002fb  PORT4_IRQHandler               
000002fb  PORT5_IRQHandler               
000002fb  PORT6_IRQHandler               
000002fb  PSS_IRQHandler                 
000002fb  PendSV_Handler                 
000002fb  RTC_C_IRQHandler               
20000018  RXData                         
000005cb  Reset_Handler                  
UNDEFED   SHT$$INIT_ARRAY$$Base          
UNDEFED   SHT$$INIT_ARRAY$$Limit         
000002fb  SVC_Handler                    
000002fb  SysTick_Handler                
000002fd  SystemInit                     
000002fb  T32_INT1_IRQHandler            
000002fb  T32_INT2_IRQHandler            
000002fb  T32_INTC_IRQHandler            
000002fb  TA0_0_IRQHandler               
000002fb  TA0_N_IRQHandler               
000002fb  TA1_0_IRQHandler               
000002fb  TA1_N_IRQHandler               
000002fb  TA2_0_IRQHandler               
000002fb  TA2_N_IRQHandler               
000002fb  TA3_0_IRQHandler               
000002fb  TA3_N_IRQHandler               
20000019  TXData                         
000002fb  UsageFault_Handler             
4000480c  WDTCTL_SYM                     
000002fb  WDT_A_IRQHandler               
20010000  __STACK_END                    
00000200  __STACK_SIZE                   
00000618  __TI_CINIT_Base                
00000628  __TI_CINIT_Limit               
00000604  __TI_Handler_Table_Base        
00000610  __TI_Handler_Table_Limit       
00000375  __TI_auto_init                 
20000000  __TI_cleanup_ptr               
000003e5  __TI_decompress_lzss           
000005bd  __TI_decompress_none           
20000004  __TI_dtors_ptr                 
20000008  __TI_enable_exit_profile_output
ffffffff  __TI_pprof_out_hndl            
ffffffff  __TI_prof_data_size            
ffffffff  __TI_prof_data_start           
00000000  __TI_static_base__             
000005d7  __TI_zero_init                 
00000281  __aeabi_memclr                 
00000281  __aeabi_memclr4                
00000281  __aeabi_memclr8                
000001e5  __aeabi_memcpy                 
000001e5  __aeabi_memcpy4                
000001e5  __aeabi_memcpy8                
00000283  __aeabi_memset                 
00000283  __aeabi_memset4                
00000283  __aeabi_memset8                
ffffffff  __binit__                      
ffffffff  __c_args__                     
000005e7  __mpu_init                     
2000fe00  __stack                        
00000591  _args_main                     
0000044d  _c_int00                       
2000000c  _lock                          
000005b7  _nop                           
000005af  _register_lock                 
000005a9  _register_unlock               
000005e9  _system_post_cinit             
000005e3  _system_pre_init               
20000010  _unlock                        
000004a5  abort                          
ffffffff  binit                          
00000545  copy_in                        
000004ad  exit                           
00000000  interruptVectors               
000000e5  main                           
20000014  main_func_sp                   
000001e5  memcpy                         
00000289  memset                         


GLOBAL SYMBOLS: SORTED BY Symbol Address 

address   name                           
-------   ----                           
00000000  __TI_static_base__             
00000000  interruptVectors               
000000e5  main                           
000001e5  __aeabi_memcpy                 
000001e5  __aeabi_memcpy4                
000001e5  __aeabi_memcpy8                
000001e5  memcpy                         
00000200  __STACK_SIZE                   
00000281  __aeabi_memclr                 
00000281  __aeabi_memclr4                
00000281  __aeabi_memclr8                
00000283  __aeabi_memset                 
00000283  __aeabi_memset4                
00000283  __aeabi_memset8                
00000289  memset                         
000002fb  ADC14_IRQHandler               
000002fb  AES256_IRQHandler              
000002fb  BusFault_Handler               
000002fb  COMP_E0_IRQHandler             
000002fb  COMP_E1_IRQHandler             
000002fb  CS_IRQHandler                  
000002fb  DMA_ERR_IRQHandler             
000002fb  DMA_INT0_IRQHandler            
000002fb  DMA_INT1_IRQHandler            
000002fb  DMA_INT2_IRQHandler            
000002fb  DMA_INT3_IRQHandler            
000002fb  DebugMon_Handler               
000002fb  Default_Handler                
000002fb  EUSCIA0_IRQHandler             
000002fb  EUSCIA1_IRQHandler             
000002fb  EUSCIA2_IRQHandler             
000002fb  EUSCIA3_IRQHandler             
000002fb  EUSCIB1_IRQHandler             
000002fb  EUSCIB2_IRQHandler             
000002fb  EUSCIB3_IRQHandler             
000002fb  FLCTL_IRQHandler               
000002fb  FPU_IRQHandler                 
000002fb  HardFault_Handler              
000002fb  MemManage_Handler              
000002fb  NMI_Handler                    
000002fb  PCM_IRQHandler                 
000002fb  PORT1_IRQHandler               
000002fb  PORT2_IRQHandler               
000002fb  PORT3_IRQHandler               
000002fb  PORT4_IRQHandler               
000002fb  PORT5_IRQHandler               
000002fb  PORT6_IRQHandler               
000002fb  PSS_IRQHandler                 
000002fb  PendSV_Handler                 
000002fb  RTC_C_IRQHandler               
000002fb  SVC_Handler                    
000002fb  SysTick_Handler                
000002fb  T32_INT1_IRQHandler            
000002fb  T32_INT2_IRQHandler            
000002fb  T32_INTC_IRQHandler            
000002fb  TA0_0_IRQHandler               
000002fb  TA0_N_IRQHandler               
000002fb  TA1_0_IRQHandler               
000002fb  TA1_N_IRQHandler               
000002fb  TA2_0_IRQHandler               
000002fb  TA2_N_IRQHandler               
000002fb  TA3_0_IRQHandler               
000002fb  TA3_N_IRQHandler               
000002fb  UsageFault_Handler             
000002fb  WDT_A_IRQHandler               
000002fd  SystemInit                     
00000375  __TI_auto_init                 
000003e5  __TI_decompress_lzss           
0000044d  _c_int00                       
000004a1  C$$EXIT                        
000004a5  abort                          
000004ad  exit                           
000004f5  EUSCIB0_IRQHandler             
000004f5  EUSCIB0_IRQHandler             
00000545  copy_in                        
00000591  _args_main                     
000005a9  _register_unlock               
000005af  _register_lock                 
000005b7  _nop                           
000005bd  __TI_decompress_none           
000005cb  Reset_Handler                  
000005d7  __TI_zero_init                 
000005e3  _system_pre_init               
000005e7  __mpu_init                     
000005e9  _system_post_cinit             
00000604  __TI_Handler_Table_Base        
00000610  __TI_Handler_Table_Limit       
00000618  __TI_CINIT_Base                
00000628  __TI_CINIT_Limit               
20000000  __TI_cleanup_ptr               
20000004  __TI_dtors_ptr                 
20000008  __TI_enable_exit_profile_output
2000000c  _lock                          
20000010  _unlock                        
20000014  main_func_sp                   
20000018  RXData                         
20000019  TXData                         
2000fe00  __stack                        
20010000  __STACK_END                    
4000480c  WDTCTL_SYM                     
ffffffff  __TI_pprof_out_hndl            
ffffffff  __TI_prof_data_size            
ffffffff  __TI_prof_data_start           
ffffffff  __binit__                      
ffffffff  __c_args__                     
ffffffff  binit                          
UNDEFED   SHT$$INIT_ARRAY$$Base          
UNDEFED   SHT$$INIT_ARRAY$$Limit         

[108 symbols]
